*	A	C	D	E	F	G	H	I	K	L	M	N	P	Q	R	S	T	V	W	X	Y
4782.0	72449.0	54943.0	68893.0	14205.0	33009.0	72910.0	13779.0	18611.0	9031.0	37227.0	14739.0	14706.0	28643.0	9894.0	62401.0	52708.0	32500.0	40731.0	62224.0	22587.0	87821.0
13881.0	205935.0	158216.0	197611.0	41917.0	98676.0	221968.0	35520.0	53637.0	34035.0	107645.0	40040.0	44803.0	86387.0	26434.0	177110.0	155655.0	92476.0	116974.0	177036.0	81885.0	235411.0
