*	A	C	D	E	F	G	H	I	K	L	M	N	P	Q	R	S	T	V	W	X	Y
1603.0	23591.0	17993.0	22751.0	4780.0	10932.0	24247.0	4438.0	6242.0	3210.0	12545.0	4923.0	4929.0	9698.0	3252.0	20371.0	17736.0	10950.0	13781.0	20333.0	7611.0	29697.0
1915.0	24113.0	18978.0	23793.0	5342.0	12136.0	27444.0	4323.0	6823.0	4847.0	13799.0	4942.0	5622.0	11037.0	3394.0	21019.0	19505.0	12089.0	14675.0	20816.0	12426.0	29624.0
