subject	d
HPAP010	0.006829366274982425
HPAP041	0.007459845162382074
