subject	d
HPAP010	0.010404740383649694
HPAP041	0.01192306065178458
