subject	d
HPAP010	0.019162398312744803
HPAP041	0.023782663263435477
