IGHV1-18	IGHV1-2	IGHV1-24	IGHV1-2|1/OR15-1	IGHV1-3	IGHV1-45	IGHV1-46	IGHV1-58	IGHV1-68	IGHV1-69	IGHV1-8	IGHV1-NL1	IGHV1/OR15-5	IGHV1/OR15-5|1/OR15-9	IGHV1/OR15-9	IGHV2-10	IGHV2-26	IGHV2-5	IGHV2-70	IGHV2-70|2-70D	IGHV3-11	IGHV3-11|3-48	IGHV3-13	IGHV3-15	IGHV3-19	IGHV3-20	IGHV3-21	IGHV3-21|3-48	IGHV3-22	IGHV3-22|3-71	IGHV3-23	IGHV3-23|3-23D	IGHV3-25	IGHV3-30	IGHV3-30-3	IGHV3-30|3-30-3	IGHV3-30|3-30-5	IGHV3-30|3-30-5|3-33	IGHV3-30|3-33	IGHV3-33	IGHV3-35	IGHV3-41	IGHV3-43	IGHV3-43|3-43D	IGHV3-47	IGHV3-48	IGHV3-49	IGHV3-52	IGHV3-53	IGHV3-53|3-66	IGHV3-64	IGHV3-64D	IGHV3-64|3-64D	IGHV3-66	IGHV3-69-1	IGHV3-69-1|3-NL1	IGHV3-7	IGHV3-71	IGHV3-72	IGHV3-73	IGHV3-74	IGHV3-9	IGHV4-28	IGHV4-30-2	IGHV4-30-4	IGHV4-30-4|4-31	IGHV4-31	IGHV4-34	IGHV4-38-2	IGHV4-39	IGHV4-4	IGHV4-4|4-59	IGHV4-4|4/OR15-8	IGHV4-55	IGHV4-59	IGHV4-61	IGHV4/OR15-8	IGHV5-10-1	IGHV5-51	IGHV5-51|5-78	IGHV6-1	IGHV7-4-1	IGHV7-81
3750.0	4480.0	519.0	0.0	785.0	55.0	2487.0	319.0	0.0	1454.0	893.0	80.0	3.0	2.0	0.0	11.0	224.0	2205.0	694.0	43.0	556.0	2.0	447.0	509.0	30.0	112.0	1055.0	2.0	91.0	14.0	88.0	2492.0	0.0	426.0	442.0	77.0	467.0	3.0	18.0	536.0	12.0	31.0	132.0	0.0	17.0	887.0	134.0	83.0	655.0	0.0	229.0	210.0	5.0	565.0	17.0	3.0	1086.0	29.0	66.0	110.0	1034.0	298.0	13.0	217.0	191.0	0.0	613.0	2576.0	12.0	2509.0	1046.0	16.0	9.0	24.0	5226.0	491.0	5.0	1022.0	3179.0	0.0	1545.0	87.0	30.0
8186.0	9657.0	1104.0	5.0	1884.0	285.0	4141.0	970.0	37.0	7452.0	49.0	264.0	3.0	18.0	8.0	0.0	458.0	2628.0	2591.0	616.0	2142.0	0.0	1569.0	2424.0	97.0	825.0	4266.0	12.0	316.0	0.0	445.0	15658.0	21.0	520.0	37.0	3395.0	1595.0	28.0	19.0	1273.0	77.0	158.0	443.0	2.0	119.0	4189.0	1002.0	160.0	1363.0	4.0	243.0	768.0	809.0	2071.0	204.0	0.0	3909.0	366.0	417.0	721.0	3529.0	0.0	43.0	2.0	0.0	4.0	951.0	7470.0	0.0	10592.0	3573.0	26.0	32.0	43.0	8221.0	3052.0	0.0	2677.0	5606.0	3.0	3626.0	190.0	163.0
