IGHV1-18	IGHV1-2	IGHV1-24	IGHV1-2|1/OR15-1	IGHV1-3	IGHV1-45	IGHV1-46	IGHV1-58	IGHV1-68	IGHV1-69	IGHV1-8	IGHV1-NL1	IGHV1/OR15-5	IGHV1/OR15-5|1/OR15-9	IGHV1/OR15-9	IGHV2-10	IGHV2-26	IGHV2-5	IGHV2-70	IGHV2-70|2-70D	IGHV3-11	IGHV3-11|3-48	IGHV3-13	IGHV3-15	IGHV3-19	IGHV3-20	IGHV3-21	IGHV3-21|3-48	IGHV3-22	IGHV3-22|3-71	IGHV3-23	IGHV3-23|3-23D	IGHV3-25	IGHV3-30	IGHV3-30-3	IGHV3-30|3-30-3	IGHV3-30|3-30-5	IGHV3-30|3-30-5|3-33	IGHV3-30|3-33	IGHV3-33	IGHV3-35	IGHV3-41	IGHV3-43	IGHV3-43|3-43D	IGHV3-47	IGHV3-48	IGHV3-49	IGHV3-52	IGHV3-53	IGHV3-53|3-66	IGHV3-64	IGHV3-64D	IGHV3-64|3-64D	IGHV3-66	IGHV3-69-1	IGHV3-69-1|3-NL1	IGHV3-7	IGHV3-71	IGHV3-72	IGHV3-73	IGHV3-74	IGHV3-9	IGHV4-28	IGHV4-30-2	IGHV4-30-4	IGHV4-30-4|4-31	IGHV4-31	IGHV4-34	IGHV4-38-2	IGHV4-39	IGHV4-4	IGHV4-4|4-59	IGHV4-4|4/OR15-8	IGHV4-55	IGHV4-59	IGHV4-61	IGHV4/OR15-8	IGHV5-10-1	IGHV5-51	IGHV5-51|5-78	IGHV6-1	IGHV7-4-1	IGHV7-81
1013.0	1196.0	165.0	0.0	263.0	17.0	740.0	85.0	0.0	459.0	253.0	35.0	1.0	1.0	0.0	5.0	84.0	587.0	182.0	16.0	208.0	1.0	158.0	210.0	10.0	43.0	424.0	1.0	30.0	5.0	35.0	948.0	0.0	179.0	194.0	35.0	200.0	1.0	7.0	230.0	5.0	13.0	46.0	0.0	7.0	341.0	59.0	27.0	254.0	0.0	82.0	77.0	2.0	221.0	7.0	1.0	426.0	13.0	27.0	47.0	367.0	117.0	5.0	72.0	75.0	0.0	240.0	841.0	3.0	893.0	367.0	4.0	4.0	7.0	1651.0	191.0	2.0	339.0	938.0	0.0	317.0	29.0	5.0
602.0	743.0	93.0	1.0	197.0	28.0	376.0	68.0	2.0	793.0	12.0	52.0	1.0	3.0	2.0	0.0	89.0	245.0	247.0	57.0	338.0	0.0	190.0	428.0	15.0	119.0	661.0	1.0	50.0	0.0	70.0	2344.0	2.0	90.0	9.0	669.0	305.0	5.0	5.0	229.0	11.0	29.0	62.0	1.0	11.0	600.0	186.0	18.0	217.0	1.0	32.0	95.0	106.0	274.0	39.0	0.0	536.0	55.0	75.0	102.0	429.0	0.0	10.0	1.0	0.0	1.0	156.0	616.0	0.0	1211.0	388.0	1.0	7.0	7.0	738.0	301.0	0.0	314.0	607.0	1.0	216.0	29.0	7.0
