IGHJ1	IGHJ1|4	IGHJ1|4|5	IGHJ2	IGHJ3	IGHJ3|4	IGHJ4	IGHJ4|5	IGHJ5	IGHJ6
627	2	2	946	4337	2	22713	1187	6941	13028
1583	71	9	2832	11057	28	68447	4058	19045	34696
