subject	v_gene	copies	freq
HPAP010	IGHV1-18	3750	7.532389273877674
HPAP010	IGHV1-2	4480	8.998694385859194
HPAP010	IGHV1-24	519	1.04248267550467
HPAP010	IGHV1-3	785	1.5767801546650597
HPAP010	IGHV1-45	55	0.11047504268353922
HPAP010	IGHV1-46	2487	4.995480566435673
HPAP010	IGHV1-58	319	0.6407552475645275
HPAP010	IGHV1-69	1454	2.9205584011248367
HPAP010	IGHV1-8	893	1.7937129657527369
HPAP010	IGHV1-NL1	80	0.16069097117605705
HPAP010	IGHV1/OR15-5	3	0.006025911419102139
HPAP010	IGHV1/OR15-5|1/OR15-9	2	0.004017274279401426
HPAP010	IGHV2-10	11	0.022095008536707844
HPAP010	IGHV2-26	224	0.44993471929295975
HPAP010	IGHV2-5	2205	4.429044893040072
HPAP010	IGHV2-70	694	1.3939941749522948
HPAP010	IGHV2-70|2-70D	43	0.08637139700713066
HPAP010	IGHV3-11	556	1.1168022496735965
HPAP010	IGHV3-11|3-48	2	0.004017274279401426
HPAP010	IGHV3-13	447	0.8978608014462187
HPAP010	IGHV3-15	509	1.022396304107663
HPAP010	IGHV3-19	30	0.06025911419102139
HPAP010	IGHV3-20	112	0.22496735964647988
HPAP010	IGHV3-21	1055	2.1191121823842525
HPAP010	IGHV3-21|3-48	2	0.004017274279401426
HPAP010	IGHV3-22	91	0.1827859797127649
HPAP010	IGHV3-22|3-71	14	0.028120919955809984
HPAP010	IGHV3-23	88	0.17676006829366275
HPAP010	IGHV3-23|3-23D	2492	5.005523752134177
HPAP010	IGHV3-30	426	0.8556794215125038
HPAP010	IGHV3-30-3	442	0.8878176157477152
HPAP010	IGHV3-30|3-30-3	77	0.1546650597569549
HPAP010	IGHV3-30|3-30-5	467	0.938033544240233
HPAP010	IGHV3-30|3-30-5|3-33	3	0.006025911419102139
HPAP010	IGHV3-30|3-33	18	0.036155468514612835
HPAP010	IGHV3-33	536	1.0766295068795821
HPAP010	IGHV3-35	12	0.024103645676408558
HPAP010	IGHV3-41	31	0.062267751330722106
HPAP010	IGHV3-43	132	0.26514010244049413
HPAP010	IGHV3-47	17	0.034146831374912125
HPAP010	IGHV3-48	887	1.7816611429145326
HPAP010	IGHV3-49	134	0.26915737671989554
HPAP010	IGHV3-52	83	0.16671688259515918
HPAP010	IGHV3-53	655	1.315657326503967
HPAP010	IGHV3-64	229	0.4599779049914633
HPAP010	IGHV3-64D	210	0.42181379933714974
HPAP010	IGHV3-64|3-64D	5	0.010043185698503565
HPAP010	IGHV3-66	565	1.134879983930903
HPAP010	IGHV3-69-1	17	0.034146831374912125
HPAP010	IGHV3-69-1|3-NL1	3	0.006025911419102139
HPAP010	IGHV3-7	1086	2.1813799337149744
HPAP010	IGHV3-71	29	0.05825047705132068
HPAP010	IGHV3-72	66	0.13257005122024706
HPAP010	IGHV3-73	110	0.22095008536707844
HPAP010	IGHV3-74	1034	2.0769308024505375
HPAP010	IGHV3-9	298	0.5985738676308124
HPAP010	IGHV4-28	13	0.02611228281610927
HPAP010	IGHV4-30-2	217	0.43587425931505475
HPAP010	IGHV4-30-4	191	0.3836496936828362
HPAP010	IGHV4-31	613	1.2312945666365371
HPAP010	IGHV4-34	2576	5.174249271869037
HPAP010	IGHV4-38-2	12	0.024103645676408558
HPAP010	IGHV4-39	2509	5.039670583509089
HPAP010	IGHV4-4	1046	2.101034448126946
HPAP010	IGHV4-4|4-59	16	0.03213819423521141
HPAP010	IGHV4-4|4/OR15-8	9	0.018077734257306417
HPAP010	IGHV4-55	24	0.048207291352817115
HPAP010	IGHV4-59	5226	10.497137692075926
HPAP010	IGHV4-61	491	0.9862408355930501
HPAP010	IGHV4/OR15-8	5	0.010043185698503565
HPAP010	IGHV5-10-1	1022	2.052827156774129
HPAP010	IGHV5-51	3179	6.385457467108567
HPAP010	IGHV6-1	1545	3.103344380837602
HPAP010	IGHV7-4-1	87	0.17475143115396205
HPAP010	IGHV7-81	30	0.06025911419102139
HPAP041	IGHV1-18	8186	5.771861294826055
HPAP041	IGHV1-2	9657	6.809047706344394
HPAP041	IGHV1-24	1104	0.7784186256398685
HPAP041	IGHV1-2|1/OR15-1	5	0.0035254466740936075
HPAP041	IGHV1-3	1884	1.3283883067984714
HPAP041	IGHV1-45	285	0.20095046042333564
HPAP041	IGHV1-46	4141	2.919774935484326
HPAP041	IGHV1-58	970	0.6839366547741599
HPAP041	IGHV1-68	37	0.026088305388292696
HPAP041	IGHV1-69	7452	5.254325723069113
HPAP041	IGHV1-8	49	0.034549377406117354
HPAP041	IGHV1-NL1	264	0.18614358439214249
HPAP041	IGHV1/OR15-5	3	0.0021152680044561646
HPAP041	IGHV1/OR15-5|1/OR15-9	18	0.012691608026736988
HPAP041	IGHV1/OR15-9	8	0.005640714678549773
HPAP041	IGHV2-26	458	0.32293091534697443
HPAP041	IGHV2-5	2628	1.8529747719036003
HPAP041	IGHV2-70	2591	1.8268864665153075
HPAP041	IGHV2-70|2-70D	616	0.4343350302483325
HPAP041	IGHV3-11	2142	1.5103013551817015
HPAP041	IGHV3-13	1569	1.1062851663305742
HPAP041	IGHV3-15	2424	1.709136547600581
HPAP041	IGHV3-19	97	0.06839366547741599
HPAP041	IGHV3-20	825	0.5816987012254453
HPAP041	IGHV3-21	4266	3.0079111023366663
HPAP041	IGHV3-21|3-48	12	0.008461072017824658
HPAP041	IGHV3-22	316	0.222808229802716
HPAP041	IGHV3-23	445	0.31376475399433107
HPAP041	IGHV3-23|3-23D	15658	11.040288804591542
HPAP041	IGHV3-25	21	0.014806876031193152
HPAP041	IGHV3-30	520	0.3666464541057352
HPAP041	IGHV3-30-3	37	0.026088305388292696
HPAP041	IGHV3-30|3-30-3	3395	2.39377829170956
HPAP041	IGHV3-30|3-30-5	1595	1.124617489035861
HPAP041	IGHV3-30|3-30-5|3-33	28	0.019742501374924202
HPAP041	IGHV3-30|3-33	19	0.01339669736155571
HPAP041	IGHV3-33	1273	0.8975787232242325
HPAP041	IGHV3-35	77	0.05429187878104156
HPAP041	IGHV3-41	158	0.111404114901358
HPAP041	IGHV3-43	443	0.31235457532469363
HPAP041	IGHV3-43|3-43D	2	0.0014101786696374431
HPAP041	IGHV3-47	119	0.08390563084342786
HPAP041	IGHV3-48	4189	2.9536192235556245
HPAP041	IGHV3-49	1002	0.7064995134883589
HPAP041	IGHV3-52	160	0.11281429357099544
HPAP041	IGHV3-53	1363	0.9610367633579174
HPAP041	IGHV3-53|3-66	4	0.0028203573392748863
HPAP041	IGHV3-64	243	0.17133670836094933
HPAP041	IGHV3-64D	768	0.5415086091407781
HPAP041	IGHV3-64|3-64D	809	0.5704172718683457
HPAP041	IGHV3-66	2071	1.4602400124095722
HPAP041	IGHV3-69-1	204	0.14383822430301918
HPAP041	IGHV3-7	3909	2.7561942098063823
HPAP041	IGHV3-71	366	0.2580626965436521
HPAP041	IGHV3-72	417	0.2940222526194069
HPAP041	IGHV3-73	721	0.5083694104042982
HPAP041	IGHV3-74	3529	2.488260262575268
HPAP041	IGHV4-28	43	0.030318841397205025
HPAP041	IGHV4-30-2	2	0.0014101786696374431
HPAP041	IGHV4-30-4|4-31	4	0.0028203573392748863
HPAP041	IGHV4-31	951	0.6705399574126042
HPAP041	IGHV4-34	7470	5.2670173310958495
HPAP041	IGHV4-39	10592	7.468306234399899
HPAP041	IGHV4-4	3573	2.5192841933072923
HPAP041	IGHV4-4|4-59	26	0.01833232270528676
HPAP041	IGHV4-4|4/OR15-8	32	0.02256285871419909
HPAP041	IGHV4-55	43	0.030318841397205025
HPAP041	IGHV4-59	8221	5.7965394215447095
HPAP041	IGHV4-61	3052	2.151932649866738
HPAP041	IGHV5-10-1	2677	1.8875241493097175
HPAP041	IGHV5-51	5606	3.952730810993753
HPAP041	IGHV5-51|5-78	3	0.0021152680044561646
HPAP041	IGHV6-1	3626	2.5566539280526843
HPAP041	IGHV7-4-1	190	0.1339669736155571
HPAP041	IGHV7-81	163	0.11492956157545162
