IGHJ1	IGHJ1|4	IGHJ1|4|5	IGHJ2	IGHJ3	IGHJ3|4	IGHJ4	IGHJ4|5	IGHJ5	IGHJ6
200	1	1	321	1386	1	7208	406	2250	4369
216	7	2	321	1275	2	7780	473	2188	4367
