disease	uniques	copies	cdr3_num_nts	avg_v_identity	in_frame	clones	productive_clones
Control	19654	49785	51.37273121476801	0.9696518057362323	0.8786470916186583	16143	14184
T1D	31501	141826	54.0361974625699	0.9620149960916361	0.8677770428717455	16631	14432
