HPAP010 (16141)	HPAP041 (16630)
20.0	21.052631578947366
20.0	55.26315789473685
60.0	23.684210526315788
