HPAP041 (16631)	HPAP010 (16143)
0.012691608026736988	0.012051822838204279
0.005640714678549772	0.0
0.0	0.004017274279401426
0.0	0.008034548558802852
0.0	0.004017274279401426
0.0	0.006025911419102139
0.0	0.006025911419102139
0.0	0.004017274279401426
0.0	0.006025911419102139
0.0	0.004017274279401426
