HPAP010 (16143)	HPAP041 (16631)
0.012051822838204279	0.012691608026736988
