HPAP010	HPAP041
60.0	23.684210526315788
20.0	55.26315789473685
20.0	21.052631578947366
