HPAP010	HPAP041
0.012051822838204279	0.012691608026736988
