HPAP010	HPAP041
0.004017274279401426	0.029613752062386305
0.012051822838204279	0.012691608026736988
0.004017274279401426	0.011281429357099543
