HPAP041 (16630)	HPAP010 (16141)
0.011281429357099543	0.004017274279401426
0.012691608026736988	0.012051822838204279
0.029613752062386305	0.004017274279401426
0.004230536008912329	0.0
0.005640714678549772	0.0
0.0	0.006025911419102139
0.0	0.004017274279401426
0.0	0.006025911419102139
0.0	0.004017274279401426
0.0	0.006025911419102139
