1-10	11-100	101-1000	1001+
-0.007459845162382074	-0.03296292640277523	-0.17756969808074682	-0.7820075303540959
-0.006829366274982425	-0.0247865823039068	-0.1371497438987647	-0.8312343075223461
