1-20	21-50	51-100	101-500	501-1000	1001+
-0.01192306065178458	-0.011859602611650897	-0.01664010830172183	-0.09284616360892925	-0.08472353447181757	-0.7820075303540959
-0.010404740383649694	-0.008757657929095108	-0.012453550266144421	-0.07118610023099327	-0.06596364366777142	-0.8312343075223461
