[0-1)	[1-10)	[10-25)	25+
45.920832559003905	49.482747940283716	4.584030229820975	0.01238927089140804
33.02868137814924	60.555588960375204	6.415729661475558	
